============================= test session starts =============================
platform win32 -- Python 3.11.3, pytest-9.0.2, pluggy-1.6.0 -- A:\projects-learning\chat_bot _app_experiment_26_aa\venv\Scripts\python.exe
cachedir: .pytest_cache
rootdir: A:\projects-learning\chat_bot _app_experiment_26_aa
plugins: anyio-4.12.1, cov-7.0.0
collecting ... collected 9 items

tests/test_auth_routes.py::TestAuthRoutes::test_login_page_loads PASSED
tests/test_auth_routes.py::TestAuthRoutes::test_register_user_success PASSED
tests/test_auth_routes.py::TestAuthRoutes::test_register_user_invalid_username PASSED
tests/test_auth_routes.py::TestAuthRoutes::test_register_user_short_password PASSED
tests/test_auth_routes.py::TestAuthRoutes::test_session_endpoint_unauthenticated PASSED
tests/test_auth_routes.py::TestAuthRoutes::test_session_endpoint_authenticated PASSED
tests/test_auth_routes.py::TestAuthRoutes::test_logout_redirect PASSED
tests/test_auth_routes.py::TestAuthRoutes::test_change_password_success DEBUG: Session keys: ['_permanent', 'user']
DEBUG: Session user: {'email': 'changepassuser_unique@local.app', 'name': 'changepassuser_unique', 'username': 'changepassuser_unique'}
PASSED
tests/test_auth_routes.py::TestAuthRoutes::test_change_password_invalid_current PASSED

============================== 9 passed in 3.51s ==============================
